[10-13 06:45:58]: [INFO] Created column 'regdate' and set the current timestamp, 1760337958714, to all 0 rows
[10-13 06:45:58]: [INFO] SQLite Setup finished
[10-13 06:45:58]: [INFO] No supported permissions system found! Permissions are disabled!
[10-13 06:45:59]: [WARN] WARNING! The protectInventory feature requires ProtocolLib! Disabling it...
[10-13 06:45:59]: [INFO] AuthMe 5.6.0 build n.CUSTOM successfully enabled!
[10-13 06:46:03]: [INFO] Downloading GEO IP database, because the old database is older than 30 days or doesn't exist
[10-13 06:46:03]: [WARN] No MaxMind credentials found in the configuration file! GeoIp protections will be disabled.
[10-13 06:46:03]: [INFO] There is no newer GEO IP database uploaded to MaxMind. Using the old one for now.
[10-13 06:46:03]: [WARN] Could not download GeoLiteAPI database [FileNotFoundException]: plugins/AuthMe/GeoLite2-Country.mmdb (No such file or directory)
[10-13 06:46:03]: java.io.FileNotFoundException: plugins/AuthMe/GeoLite2-Country.mmdb (No such file or directory)
	at java.base/java.io.RandomAccessFile.open0(Native Method)
	at java.base/java.io.RandomAccessFile.open(RandomAccessFile.java:356)
	at java.base/java.io.RandomAccessFile.<init>(RandomAccessFile.java:273)
	at java.base/java.io.RandomAccessFile.<init>(RandomAccessFile.java:223)
	at fr.xephi.authme.libs.com.maxmind.db.BufferHolder.<init>(BufferHolder.java:20)
	at fr.xephi.authme.libs.com.maxmind.db.Reader.<init>(Reader.java:121)
	at fr.xephi.authme.service.GeoIpService.startReading(GeoIpService.java:179)
	at fr.xephi.authme.service.GeoIpService.updateDatabase(GeoIpService.java:150)
	at org.bukkit.craftbukkit.v1_16_R3.scheduler.CraftTask.run(CraftTask.java:101)
	at org.bukkit.craftbukkit.v1_16_R3.scheduler.CraftAsyncTask.run(CraftAsyncTask.java:54)
	at com.destroystokyo.paper.ServerSchedulerReportingWrapper.run(ServerSchedulerReportingWrapper.java:22)
	at java.base/java.util.concurrent.ThreadPoolExecutor.runWorker(ThreadPoolExecutor.java:1144)
	at java.base/java.util.concurrent.ThreadPoolExecutor$Worker.run(ThreadPoolExecutor.java:642)
	at java.base/java.lang.Thread.run(Thread.java:1583)

[10-13 06:48:55]: [FINE] SIGMAxox registered 127.158.1.171
[10-13 06:48:55]: [FINE] SIGMAxox logged in 127.158.1.171
[10-13 06:51:16]: [INFO] AuthMe 5.6.0-bCUSTOM disabled!
[10-13 07:27:46]: [INFO] SQLite Setup finished
[10-13 07:27:46]: [INFO] No supported permissions system found! Permissions are disabled!
[10-13 07:27:46]: [WARN] WARNING! The protectInventory feature requires ProtocolLib! Disabling it...
[10-13 07:27:46]: [INFO] AuthMe 5.6.0 build n.CUSTOM successfully enabled!
[10-13 07:27:51]: [INFO] Downloading GEO IP database, because the old database is older than 30 days or doesn't exist
[10-13 07:27:51]: [WARN] No MaxMind credentials found in the configuration file! GeoIp protections will be disabled.
[10-13 07:27:51]: [INFO] There is no newer GEO IP database uploaded to MaxMind. Using the old one for now.
[10-13 07:27:51]: [WARN] Could not download GeoLiteAPI database [FileNotFoundException]: plugins/AuthMe/GeoLite2-Country.mmdb (No such file or directory)
[10-13 07:27:51]: java.io.FileNotFoundException: plugins/AuthMe/GeoLite2-Country.mmdb (No such file or directory)
	at java.base/java.io.RandomAccessFile.open0(Native Method)
	at java.base/java.io.RandomAccessFile.open(RandomAccessFile.java:356)
	at java.base/java.io.RandomAccessFile.<init>(RandomAccessFile.java:273)
	at java.base/java.io.RandomAccessFile.<init>(RandomAccessFile.java:223)
	at fr.xephi.authme.libs.com.maxmind.db.BufferHolder.<init>(BufferHolder.java:20)
	at fr.xephi.authme.libs.com.maxmind.db.Reader.<init>(Reader.java:121)
	at fr.xephi.authme.service.GeoIpService.startReading(GeoIpService.java:179)
	at fr.xephi.authme.service.GeoIpService.updateDatabase(GeoIpService.java:150)
	at org.bukkit.craftbukkit.v1_16_R3.scheduler.CraftTask.run(CraftTask.java:101)
	at org.bukkit.craftbukkit.v1_16_R3.scheduler.CraftAsyncTask.run(CraftAsyncTask.java:54)
	at com.destroystokyo.paper.ServerSchedulerReportingWrapper.run(ServerSchedulerReportingWrapper.java:22)
	at java.base/java.util.concurrent.ThreadPoolExecutor.runWorker(ThreadPoolExecutor.java:1144)
	at java.base/java.util.concurrent.ThreadPoolExecutor$Worker.run(ThreadPoolExecutor.java:642)
	at java.base/java.lang.Thread.run(Thread.java:1583)

[10-13 07:29:45]: [FINE] SIGMAxox logged in 127.158.1.171
[10-13 07:32:28]: [INFO] AuthMe 5.6.0-bCUSTOM disabled!
