8[0mno command provided, doing auto run[2J8[0mVisit link to setup https://playit.gg/claim/352b8e329d[2J8[0mVisit link to setup https://playit.gg/claim/352b8e329d

Error: ClientError(ParseError(Error("expected value", line: 1, column: 1), 502, "error code: 502"))[2J8[0mVisit link to setup https://playit.gg/claim/352b8e329d[2J8[0mVisit link to setup https://playit.gg/claim/352b8e329d

Error: ClientError(ParseError(Error("expected value", line: 1, column: 1), 502, "error code: 502"))[2J8[0mVisit link to setup https://playit.gg/claim/352b8e329d[2J8[0mVisit link to setup https://playit.gg/claim/352b8e329d[2J8[0mVisit link to setup https://playit.gg/claim/352b8e329d[2J8[0mVisit link to setup https://playit.gg/claim/352b8e329d[2J8[0mVisit link to setup https://playit.gg/claim/352b8e329d[2J8[0mVisit link to setup https://playit.gg/claim/352b8e329d[2J8[0mVisit link to setup https://playit.gg/claim/352b8e329d[2J8[0mVisit link to setup https://playit.gg/claim/352b8e329d[2J8[0mApprove program at https://playit.gg/claim/352b8e329d[2J8[0mApprove program at https://playit.gg/claim/352b8e329d[2J8[0mApprove program at https://playit.gg/claim/352b8e329d[2J8[0mApprove program at https://playit.gg/claim/352b8e329d[2J8[0mProgram approved :). Secret code being setup.[2J8[0mstarting up tunnel connection[2J8[0mtunnel running[2J8[0mplayit (v0.16.3): 1759677715954 tunnel running, 0 tunnels registered


TUNNELS
Add tunnels here: https://playit.gg/account/agents/970cbed7-b79c-407e-98f2-eb0562935aa4
[2J8[0mplayit (v0.16.3): 1759677719073 tunnel running, 0 tunnels registered


TUNNELS
Add tunnels here: https://playit.gg/account/agents/970cbed7-b79c-407e-98f2-eb0562935aa4
[2J8[0mplayit (v0.16.3): 1759677722155 tunnel running, 0 tunnels registered


TUNNELS
Add tunnels here: https://playit.gg/account/agents/970cbed7-b79c-407e-98f2-eb0562935aa4
[2J8[0mplayit (v0.16.3): 1759677725271 tunnel running, 0 tunnels registered


TUNNELS
Add tunnels here: https://playit.gg/account/agents/970cbed7-b79c-407e-98f2-eb0562935aa4
[2J8[0mplayit (v0.16.3): 1759677728350 tunnel running, 0 tunnels registered


TUNNELS
Add tunnels here: https://playit.gg/account/agents/970cbed7-b79c-407e-98f2-eb0562935aa4
[2J8[0mplayit (v0.16.3): 1759677731438 tunnel running, 0 tunnels registered


TUNNELS
Add tunnels here: https://playit.gg/account/agents/970cbed7-b79c-407e-98f2-eb0562935aa4
[2J8[0mplayit (v0.16.3): 1759677734545 tunnel running, 0 tunnels registered


TUNNELS
Add tunnels here: https://playit.gg/account/agents/970cbed7-b79c-407e-98f2-eb0562935aa4
[2J8[0mplayit (v0.16.3): 1759677737654 tunnel running, 0 tunnels registered


TUNNELS
Add tunnels here: https://playit.gg/account/agents/970cbed7-b79c-407e-98f2-eb0562935aa4
[2J8[0mplayit (v0.16.3): 1759677740744 tunnel running, 0 tunnels registered


TUNNELS
Add tunnels here: https://playit.gg/account/agents/970cbed7-b79c-407e-98f2-eb0562935aa4
[2J8[0mplayit (v0.16.3): 1759677743858 tunnel running, 0 tunnels registered


TUNNELS
tunnel pending: https://playit.gg/account/tunnels/71fb6527-54f7-4fba-96b4-d5e7b69a4d40
[2J8[0mplayit (v0.16.3): 1759677746969 tunnel running, 0 tunnels registered


TUNNELS
tunnel pending: https://playit.gg/account/tunnels/71fb6527-54f7-4fba-96b4-d5e7b69a4d40
[2J8[0mplayit (v0.16.3): 1759677750109 tunnel running, 0 tunnels registered


TUNNELS
tunnel pending: https://playit.gg/account/tunnels/71fb6527-54f7-4fba-96b4-d5e7b69a4d40
[2J8[0mplayit (v0.16.3): 1759677753189 tunnel running, 0 tunnels registered


TUNNELS
tunnel pending: https://playit.gg/account/tunnels/71fb6527-54f7-4fba-96b4-d5e7b69a4d40
[2J8[0mplayit (v0.16.3): 1759677756274 tunnel running, 1 tunnels registered


TUNNELS
received-ny.gl.joinmc.link => 127.0.0.1:25565 (minecraft-java)
[2J8[0mplayit (v0.16.3): 1759677759478 tunnel running, 1 tunnels registered


TUNNELS
received-ny.gl.joinmc.link => 127.0.0.1:25565 (minecraft-java)
[2J8[0mplayit (v0.16.3): 1759677762564 tunnel running, 1 tunnels registered


TUNNELS
received-ny.gl.joinmc.link => 127.0.0.1:25565 (minecraft-java)
[2J8[0mplayit (v0.16.3): 1759677765801 tunnel running, 1 tunnels registered


TUNNELS
received-ny.gl.joinmc.link => 127.0.0.1:25565 (minecraft-java)
[2J8[0mplayit (v0.16.3): 1759677768914 tunnel running, 1 tunnels registered


TUNNELS
received-ny.gl.joinmc.link => 127.0.0.1:25565 (minecraft-java)
[2J8[0mplayit (v0.16.3): 1759677772025 tunnel running, 1 tunnels registered


TUNNELS
received-ny.gl.joinmc.link => 127.0.0.1:25565 (minecraft-java)
[2J8[0mplayit (v0.16.3): 1759677775148 tunnel running, 1 tunnels registered


TUNNELS
received-ny.gl.joinmc.link => 127.0.0.1:25565 (minecraft-java)
[2J8[0mplayit (v0.16.3): 1759677778238 tunnel running, 1 tunnels registered


TUNNELS
received-ny.gl.joinmc.link => 127.0.0.1:25565 (minecraft-java)
[2J8[0mplayit (v0.16.3): 1759677781324 tunnel running, 1 tunnels registered


TUNNELS
received-ny.gl.joinmc.link => 127.0.0.1:25565 (minecraft-java)
[2J8[0mplayit (v0.16.3): 1759677784455 tunnel running, 1 tunnels registered


TUNNELS
received-ny.gl.joinmc.link => 127.0.0.1:25565 (minecraft-java)
[2J8[0mplayit (v0.16.3): 1759677787565 tunnel running, 1 tunnels registered


TUNNELS
received-ny.gl.joinmc.link => 127.0.0.1:25565 (minecraft-java)
[2J8[0mplayit (v0.16.3): 1759677790716 tunnel running, 1 tunnels registered


TUNNELS
received-ny.gl.joinmc.link => 127.0.0.1:25565 (minecraft-java)
[2J8[0mplayit (v0.16.3): 1759677793810 tunnel running, 1 tunnels registered


TUNNELS
received-ny.gl.joinmc.link => 127.0.0.1:25565 (minecraft-java)
[2J8[0mplayit (v0.16.3): 1759677796905 tunnel running, 1 tunnels registered


TUNNELS
received-ny.gl.joinmc.link => 127.0.0.1:25565 (minecraft-java)
[2J8[0mplayit (v0.16.3): 1759677800043 tunnel running, 1 tunnels registered


TUNNELS
received-ny.gl.joinmc.link => 127.0.0.1:25565 (minecraft-java)
[2J8[0mplayit (v0.16.3): 1759677803175 tunnel running, 1 tunnels registered


TUNNELS
received-ny.gl.joinmc.link => 127.0.0.1:25565 (minecraft-java)
[2J8[0mplayit (v0.16.3): 1759677806275 tunnel running, 1 tunnels registered


TUNNELS
received-ny.gl.joinmc.link => 127.0.0.1:25565 (minecraft-java)
[2J8[0mplayit (v0.16.3): 1759677809357 tunnel running, 1 tunnels registered


TUNNELS
received-ny.gl.joinmc.link => 127.0.0.1:25565 (minecraft-java)
[2J8[0mplayit (v0.16.3): 1759677812448 tunnel running, 1 tunnels registered


TUNNELS
received-ny.gl.joinmc.link => 127.0.0.1:25565 (minecraft-java)
[2J8[0mplayit (v0.16.3): 1759677815572 tunnel running, 1 tunnels registered


TUNNELS
received-ny.gl.joinmc.link => 127.0.0.1:25565 (minecraft-java)
[2J8[0mplayit (v0.16.3): 1759677818668 tunnel running, 1 tunnels registered


TUNNELS
received-ny.gl.joinmc.link => 127.0.0.1:25565 (minecraft-java)
[2J8[0mplayit (v0.16.3): 1759677821797 tunnel running, 1 tunnels registered


TUNNELS
received-ny.gl.joinmc.link => 127.0.0.1:25565 (minecraft-java)
[2J8[0mplayit (v0.16.3): 1759677824897 tunnel running, 1 tunnels registered


TUNNELS
received-ny.gl.joinmc.link => 127.0.0.1:25565 (minecraft-java)
[2J8[0mplayit (v0.16.3): 1759677827985 tunnel running, 1 tunnels registered


TUNNELS
received-ny.gl.joinmc.link => 127.0.0.1:25565 (minecraft-java)
[2J8[0mplayit (v0.16.3): 1759677831082 tunnel running, 1 tunnels registered


TUNNELS
received-ny.gl.joinmc.link => 127.0.0.1:25565 (minecraft-java)
[2J8[0mplayit (v0.16.3): 1759677834168 tunnel running, 1 tunnels registered


TUNNELS
received-ny.gl.joinmc.link => 127.0.0.1:25565 (minecraft-java)
[2J8[0mplayit (v0.16.3): 1759677837256 tunnel running, 1 tunnels registered


TUNNELS
received-ny.gl.joinmc.link => 127.0.0.1:25565 (minecraft-java)
[2J8[0mplayit (v0.16.3): 1759677840395 tunnel running, 1 tunnels registered


TUNNELS
received-ny.gl.joinmc.link => 127.0.0.1:25565 (minecraft-java)
[2J8[0mplayit (v0.16.3): 1759677843640 tunnel running, 1 tunnels registered


TUNNELS
received-ny.gl.joinmc.link => 127.0.0.1:25565 (minecraft-java)
[2J8[0mplayit (v0.16.3): 1759677846760 tunnel running, 1 tunnels registered


TUNNELS
received-ny.gl.joinmc.link => 127.0.0.1:25565 (minecraft-java)
[2J8[0mplayit (v0.16.3): 1759677849897 tunnel running, 1 tunnels registered


TUNNELS
received-ny.gl.joinmc.link => 127.0.0.1:25565 (minecraft-java)
[2J8[0mplayit (v0.16.3): 1759677852984 tunnel running, 1 tunnels registered


TUNNELS
received-ny.gl.joinmc.link => 127.0.0.1:25565 (minecraft-java)
[2J8[0mplayit (v0.16.3): 1759677856101 tunnel running, 1 tunnels registered


TUNNELS
received-ny.gl.joinmc.link => 127.0.0.1:25565 (minecraft-java)
[2J8[0mplayit (v0.16.3): 1759677859190 tunnel running, 1 tunnels registered


TUNNELS
received-ny.gl.joinmc.link => 127.0.0.1:25565 (minecraft-java)
[2J8[0mplayit (v0.16.3): 1759677862484 tunnel running, 1 tunnels registered


TUNNELS
received-ny.gl.joinmc.link => 127.0.0.1:25565 (minecraft-java)
[2J8[0mplayit (v0.16.3): 1759677865569 tunnel running, 1 tunnels registered


TUNNELS
received-ny.gl.joinmc.link => 127.0.0.1:25565 (minecraft-java)
[2J8[0mplayit (v0.16.3): 1759677868718 tunnel running, 1 tunnels registered


TUNNELS
received-ny.gl.joinmc.link => 127.0.0.1:25565 (minecraft-java)
[2J8[0mplayit (v0.16.3): 1759677871809 tunnel running, 1 tunnels registered


TUNNELS
received-ny.gl.joinmc.link => 127.0.0.1:25565 (minecraft-java)
[2J8[0mplayit (v0.16.3): 1759677874895 tunnel running, 1 tunnels registered


TUNNELS
received-ny.gl.joinmc.link => 127.0.0.1:25565 (minecraft-java)
[2J8[0mplayit (v0.16.3): 1759677877984 tunnel running, 1 tunnels registered


TUNNELS
received-ny.gl.joinmc.link => 127.0.0.1:25565 (minecraft-java)
[2J8[0mplayit (v0.16.3): 1759677881105 tunnel running, 1 tunnels registered


TUNNELS
received-ny.gl.joinmc.link => 127.0.0.1:25565 (minecraft-java)
[2J8[0mplayit (v0.16.3): 1759677884185 tunnel running, 1 tunnels registered


TUNNELS
received-ny.gl.joinmc.link => 127.0.0.1:25565 (minecraft-java)
[2J8[0mplayit (v0.16.3): 1759677887278 tunnel running, 1 tunnels registered


TUNNELS
received-ny.gl.joinmc.link => 127.0.0.1:25565 (minecraft-java)
[2J8[0mplayit (v0.16.3): 1759677890375 tunnel running, 1 tunnels registered


TUNNELS
received-ny.gl.joinmc.link => 127.0.0.1:25565 (minecraft-java)
[2J8[0mplayit (v0.16.3): 1759677893488 tunnel running, 1 tunnels registered


TUNNELS
received-ny.gl.joinmc.link => 127.0.0.1:25565 (minecraft-java)
[2J8[0mplayit (v0.16.3): 1759677896575 tunnel running, 1 tunnels registered


TUNNELS
received-ny.gl.joinmc.link => 127.0.0.1:25565 (minecraft-java)
[2J8[0mplayit (v0.16.3): 1759677899707 tunnel running, 1 tunnels registered


TUNNELS
received-ny.gl.joinmc.link => 127.0.0.1:25565 (minecraft-java)
[2J8[0mplayit (v0.16.3): 1759677902798 tunnel running, 1 tunnels registered


TUNNELS
received-ny.gl.joinmc.link => 127.0.0.1:25565 (minecraft-java)
[2J8[0mplayit (v0.16.3): 1759677905898 tunnel running, 1 tunnels registered


TUNNELS
received-ny.gl.joinmc.link => 127.0.0.1:25565 (minecraft-java)
[2J8[0mplayit (v0.16.3): 1759677908989 tunnel running, 1 tunnels registered


TUNNELS
received-ny.gl.joinmc.link => 127.0.0.1:25565 (minecraft-java)
[2J8[0mplayit (v0.16.3): 1759677912218 tunnel running, 1 tunnels registered


TUNNELS
received-ny.gl.joinmc.link => 127.0.0.1:25565 (minecraft-java)
[2J8[0mplayit (v0.16.3): 1759677915340 tunnel running, 1 tunnels registered


TUNNELS
received-ny.gl.joinmc.link => 127.0.0.1:25565 (minecraft-java)
[2J8[0mplayit (v0.16.3): 1759677918432 tunnel running, 1 tunnels registered


TUNNELS
received-ny.gl.joinmc.link => 127.0.0.1:25565 (minecraft-java)
[2J8[0mplayit (v0.16.3): 1759677921613 tunnel running, 1 tunnels registered


TUNNELS
received-ny.gl.joinmc.link => 127.0.0.1:25565 (minecraft-java)
[2J8[0mplayit (v0.16.3): 1759677924692 tunnel running, 1 tunnels registered


TUNNELS
received-ny.gl.joinmc.link => 127.0.0.1:25565 (minecraft-java)
[2J8[0mplayit (v0.16.3): 1759677927794 tunnel running, 1 tunnels registered


TUNNELS
received-ny.gl.joinmc.link => 127.0.0.1:25565 (minecraft-java)
[2J8[0mplayit (v0.16.3): 1759677930888 tunnel running, 1 tunnels registered


TUNNELS
received-ny.gl.joinmc.link => 127.0.0.1:25565 (minecraft-java)
[2J8[0mplayit (v0.16.3): 1759677933998 tunnel running, 1 tunnels registered


TUNNELS
received-ny.gl.joinmc.link => 127.0.0.1:25565 (minecraft-java)
[2J8[0mplayit (v0.16.3): 1759677937133 tunnel running, 1 tunnels registered


TUNNELS
received-ny.gl.joinmc.link => 127.0.0.1:25565 (minecraft-java)
[2J8[0mplayit (v0.16.3): 1759677940267 tunnel running, 1 tunnels registered


TUNNELS
received-ny.gl.joinmc.link => 127.0.0.1:25565 (minecraft-java)
[2J8[0mplayit (v0.16.3): 1759677943372 tunnel running, 1 tunnels registered


TUNNELS
received-ny.gl.joinmc.link => 127.0.0.1:25565 (minecraft-java)
[2J8[0mplayit (v0.16.3): 1759677946507 tunnel running, 1 tunnels registered


TUNNELS
received-ny.gl.joinmc.link => 127.0.0.1:25565 (minecraft-java)
[2J8[0mplayit (v0.16.3): 1759677949598 tunnel running, 1 tunnels registered


TUNNELS
received-ny.gl.joinmc.link => 127.0.0.1:25565 (minecraft-java)
[2J8[0mplayit (v0.16.3): 1759677952686 tunnel running, 1 tunnels registered


TUNNELS
received-ny.gl.joinmc.link => 127.0.0.1:25565 (minecraft-java)
[2J8[0mplayit (v0.16.3): 1759677955764 tunnel running, 1 tunnels registered


TUNNELS
received-ny.gl.joinmc.link => 127.0.0.1:25565 (minecraft-java)
[2J8[0mplayit (v0.16.3): 1759677959151 tunnel running, 1 tunnels registered


TUNNELS
received-ny.gl.joinmc.link => 127.0.0.1:25565 (minecraft-java)
[2J8[0mplayit (v0.16.3): 1759677962251 tunnel running, 1 tunnels registered


TUNNELS
received-ny.gl.joinmc.link => 127.0.0.1:25565 (minecraft-java)
[2J8[0mplayit (v0.16.3): 1759677965398 tunnel running, 1 tunnels registered


TUNNELS
received-ny.gl.joinmc.link => 127.0.0.1:25565 (minecraft-java)
[2J8[0mplayit (v0.16.3): 1759677968522 tunnel running, 1 tunnels registered


TUNNELS
received-ny.gl.joinmc.link => 127.0.0.1:25565 (minecraft-java)
[2J8[0mplayit (v0.16.3): 1759677971603 tunnel running, 1 tunnels registered


TUNNELS
received-ny.gl.joinmc.link => 127.0.0.1:25565 (minecraft-java)
[2J8[0mplayit (v0.16.3): 1759677974714 tunnel running, 1 tunnels registered


TUNNELS
received-ny.gl.joinmc.link => 127.0.0.1:25565 (minecraft-java)
[2J8[0mplayit (v0.16.3): 1759677977802 tunnel running, 1 tunnels registered


TUNNELS
received-ny.gl.joinmc.link => 127.0.0.1:25565 (minecraft-java)
[2J8[0mplayit (v0.16.3): 1759677980893 tunnel running, 1 tunnels registered


TUNNELS
received-ny.gl.joinmc.link => 127.0.0.1:25565 (minecraft-java)
[2J8[0mplayit (v0.16.3): 1759677983994 tunnel running, 1 tunnels registered


TUNNELS
received-ny.gl.joinmc.link => 127.0.0.1:25565 (minecraft-java)
[2J8[0mplayit (v0.16.3): 1759677987137 tunnel running, 1 tunnels registered


TUNNELS
received-ny.gl.joinmc.link => 127.0.0.1:25565 (minecraft-java)
[2J8[0mplayit (v0.16.3): 1759677990236 tunnel running, 1 tunnels registered


TUNNELS
received-ny.gl.joinmc.link => 127.0.0.1:25565 (minecraft-java)
[2J8[0mplayit (v0.16.3): 1759677993321 tunnel running, 1 tunnels registered


TUNNELS
received-ny.gl.joinmc.link => 127.0.0.1:25565 (minecraft-java)
[2J8[0mplayit (v0.16.3): 1759677996408 tunnel running, 1 tunnels registered


TUNNELS
received-ny.gl.joinmc.link => 127.0.0.1:25565 (minecraft-java)
[2J8[0mplayit (v0.16.3): 1759677999556 tunnel running, 1 tunnels registered


TUNNELS
received-ny.gl.joinmc.link => 127.0.0.1:25565 (minecraft-java)
[2J8[0mplayit (v0.16.3): 1759678002674 tunnel running, 1 tunnels registered


TUNNELS
received-ny.gl.joinmc.link => 127.0.0.1:25565 (minecraft-java)
[2J8[0mplayit (v0.16.3): 1759678005768 tunnel running, 1 tunnels registered


TUNNELS
received-ny.gl.joinmc.link => 127.0.0.1:25565 (minecraft-java)
[2J8[0mplayit (v0.16.3): 1759678008850 tunnel running, 1 tunnels registered


TUNNELS
received-ny.gl.joinmc.link => 127.0.0.1:25565 (minecraft-java)
[2J8[0mplayit (v0.16.3): 1759678011938 tunnel running, 1 tunnels registered


TUNNELS
received-ny.gl.joinmc.link => 127.0.0.1:25565 (minecraft-java)
[2J8[0mplayit (v0.16.3): 1759678015060 tunnel running, 1 tunnels registered


TUNNELS
received-ny.gl.joinmc.link => 127.0.0.1:25565 (minecraft-java)
[2J8[0mplayit (v0.16.3): 1759678018163 tunnel running, 1 tunnels registered


TUNNELS
received-ny.gl.joinmc.link => 127.0.0.1:25565 (minecraft-java)
[2J8[0mplayit (v0.16.3): 1759678021254 tunnel running, 1 tunnels registered


TUNNELS
received-ny.gl.joinmc.link => 127.0.0.1:25565 (minecraft-java)
[2J8[0mplayit (v0.16.3): 1759678024379 tunnel running, 1 tunnels registered


TUNNELS
received-ny.gl.joinmc.link => 127.0.0.1:25565 (minecraft-java)
[2J8[0mplayit (v0.16.3): 1759678027497 tunnel running, 1 tunnels registered


TUNNELS
received-ny.gl.joinmc.link => 127.0.0.1:25565 (minecraft-java)
[2J8[0mplayit (v0.16.3): 1759678030582 tunnel running, 1 tunnels registered


TUNNELS
received-ny.gl.joinmc.link => 127.0.0.1:25565 (minecraft-java)
[2J8[0mplayit (v0.16.3): 1759678033668 tunnel running, 1 tunnels registered


TUNNELS
received-ny.gl.joinmc.link => 127.0.0.1:25565 (minecraft-java)
[2J8[0mplayit (v0.16.3): 1759678036787 tunnel running, 1 tunnels registered


TUNNELS
received-ny.gl.joinmc.link => 127.0.0.1:25565 (minecraft-java)
[2J8[0mplayit (v0.16.3): 1759678039897 tunnel running, 1 tunnels registered


TUNNELS
received-ny.gl.joinmc.link => 127.0.0.1:25565 (minecraft-java)
[2J8[0mplayit (v0.16.3): 1759678042985 tunnel running, 1 tunnels registered


TUNNELS
received-ny.gl.joinmc.link => 127.0.0.1:25565 (minecraft-java)
[2J8[0mplayit (v0.16.3): 1759678046074 tunnel running, 1 tunnels registered


TUNNELS
received-ny.gl.joinmc.link => 127.0.0.1:25565 (minecraft-java)
[2J8[0mplayit (v0.16.3): 1759678049186 tunnel running, 1 tunnels registered


TUNNELS
received-ny.gl.joinmc.link => 127.0.0.1:25565 (minecraft-java)
[2J8[0mplayit (v0.16.3): 1759678052342 tunnel running, 1 tunnels registered


TUNNELS
received-ny.gl.joinmc.link => 127.0.0.1:25565 (minecraft-java)
[2J8[0mplayit (v0.16.3): 1759678055449 tunnel running, 1 tunnels registered


TUNNELS
received-ny.gl.joinmc.link => 127.0.0.1:25565 (minecraft-java)
[2J8[0mplayit (v0.16.3): 1759678058526 tunnel running, 1 tunnels registered


TUNNELS
received-ny.gl.joinmc.link => 127.0.0.1:25565 (minecraft-java)
[2J8[0mplayit (v0.16.3): 1759678061664 tunnel running, 1 tunnels registered


TUNNELS
received-ny.gl.joinmc.link => 127.0.0.1:25565 (minecraft-java)
[2J8[0mplayit (v0.16.3): 1759678064808 tunnel running, 1 tunnels registered


TUNNELS
received-ny.gl.joinmc.link => 127.0.0.1:25565 (minecraft-java)
[2J8[0mplayit (v0.16.3): 1759678067895 tunnel running, 1 tunnels registered


TUNNELS
received-ny.gl.joinmc.link => 127.0.0.1:25565 (minecraft-java)
[2J8[0mplayit (v0.16.3): 1759678070981 tunnel running, 1 tunnels registered


TUNNELS
received-ny.gl.joinmc.link => 127.0.0.1:25565 (minecraft-java)
[2J8[0mplayit (v0.16.3): 1759678074115 tunnel running, 1 tunnels registered


TUNNELS
received-ny.gl.joinmc.link => 127.0.0.1:25565 (minecraft-java)
[2J8[0mplayit (v0.16.3): 1759678077195 tunnel running, 1 tunnels registered


TUNNELS
received-ny.gl.joinmc.link => 127.0.0.1:25565 (minecraft-java)
[2J8[0mplayit (v0.16.3): 1759678080377 tunnel running, 1 tunnels registered


TUNNELS
received-ny.gl.joinmc.link => 127.0.0.1:25565 (minecraft-java)
[2J8[0mplayit (v0.16.3): 1759678083581 tunnel running, 1 tunnels registered


TUNNELS
received-ny.gl.joinmc.link => 127.0.0.1:25565 (minecraft-java)
[2J8[0mplayit (v0.16.3): 1759678086699 tunnel running, 1 tunnels registered


TUNNELS
received-ny.gl.joinmc.link => 127.0.0.1:25565 (minecraft-java)
[2J8[0mplayit (v0.16.3): 1759678089787 tunnel running, 1 tunnels registered


TUNNELS
received-ny.gl.joinmc.link => 127.0.0.1:25565 (minecraft-java)
[2J8[0mplayit (v0.16.3): 1759678092878 tunnel running, 1 tunnels registered


TUNNELS
received-ny.gl.joinmc.link => 127.0.0.1:25565 (minecraft-java)
[2J8[0mplayit (v0.16.3): 1759678095994 tunnel running, 1 tunnels registered


TUNNELS
received-ny.gl.joinmc.link => 127.0.0.1:25565 (minecraft-java)
[2J8[0mplayit (v0.16.3): 1759678099083 tunnel running, 1 tunnels registered


TUNNELS
received-ny.gl.joinmc.link => 127.0.0.1:25565 (minecraft-java)
[2J8[0mplayit (v0.16.3): 1759678102205 tunnel running, 1 tunnels registered


TUNNELS
received-ny.gl.joinmc.link => 127.0.0.1:25565 (minecraft-java)
[2J8[0mplayit (v0.16.3): 1759678105296 tunnel running, 1 tunnels registered


TUNNELS
received-ny.gl.joinmc.link => 127.0.0.1:25565 (minecraft-java)
[2J8[0mplayit (v0.16.3): 1759678108394 tunnel running, 1 tunnels registered


TUNNELS
received-ny.gl.joinmc.link => 127.0.0.1:25565 (minecraft-java)
[2J8[0mplayit (v0.16.3): 1759678111490 tunnel running, 1 tunnels registered


TUNNELS
received-ny.gl.joinmc.link => 127.0.0.1:25565 (minecraft-java)
[2J8[0mplayit (v0.16.3): 1759678114633 tunnel running, 1 tunnels registered


TUNNELS
received-ny.gl.joinmc.link => 127.0.0.1:25565 (minecraft-java)
[2J8[0mplayit (v0.16.3): 1759678117761 tunnel running, 1 tunnels registered


TUNNELS
received-ny.gl.joinmc.link => 127.0.0.1:25565 (minecraft-java)
[2J8[0mplayit (v0.16.3): 1759678120853 tunnel running, 1 tunnels registered


TUNNELS
received-ny.gl.joinmc.link => 127.0.0.1:25565 (minecraft-java)
[2J8[0mplayit (v0.16.3): 1759678123999 tunnel running, 1 tunnels registered


TUNNELS
received-ny.gl.joinmc.link => 127.0.0.1:25565 (minecraft-java)
[2J8[0mplayit (v0.16.3): 1759678127087 tunnel running, 1 tunnels registered


TUNNELS
received-ny.gl.joinmc.link => 127.0.0.1:25565 (minecraft-java)
[2J8[0mplayit (v0.16.3): 1759678130191 tunnel running, 1 tunnels registered


TUNNELS
received-ny.gl.joinmc.link => 127.0.0.1:25565 (minecraft-java)
[2J8[0mplayit (v0.16.3): 1759678133291 tunnel running, 1 tunnels registered


TUNNELS
received-ny.gl.joinmc.link => 127.0.0.1:25565 (minecraft-java)
[2J8[0mplayit (v0.16.3): 1759678136437 tunnel running, 1 tunnels registered


TUNNELS
received-ny.gl.joinmc.link => 127.0.0.1:25565 (minecraft-java)
[2J8[0mplayit (v0.16.3): 1759678139555 tunnel running, 1 tunnels registered


TUNNELS
received-ny.gl.joinmc.link => 127.0.0.1:25565 (minecraft-java)
[2J8[0mplayit (v0.16.3): 1759678142661 tunnel running, 1 tunnels registered


TUNNELS
received-ny.gl.joinmc.link => 127.0.0.1:25565 (minecraft-java)
[2J8[0mplayit (v0.16.3): 1759678145754 tunnel running, 1 tunnels registered


TUNNELS
received-ny.gl.joinmc.link => 127.0.0.1:25565 (minecraft-java)
[2J8[0mplayit (v0.16.3): 1759678148840 tunnel running, 1 tunnels registered


TUNNELS
received-ny.gl.joinmc.link => 127.0.0.1:25565 (minecraft-java)
[2J8[0mplayit (v0.16.3): 1759678151942 tunnel running, 1 tunnels registered


TUNNELS
received-ny.gl.joinmc.link => 127.0.0.1:25565 (minecraft-java)
[2J8[0mplayit (v0.16.3): 1759678155044 tunnel running, 1 tunnels registered


TUNNELS
received-ny.gl.joinmc.link => 127.0.0.1:25565 (minecraft-java)
[2J8[0mplayit (v0.16.3): 1759678158145 tunnel running, 1 tunnels registered


TUNNELS
received-ny.gl.joinmc.link => 127.0.0.1:25565 (minecraft-java)
[2J8[0mplayit (v0.16.3): 1759678161272 tunnel running, 1 tunnels registered


TUNNELS
received-ny.gl.joinmc.link => 127.0.0.1:25565 (minecraft-java)
[2J8[0mplayit (v0.16.3): 1759678164377 tunnel running, 1 tunnels registered


TUNNELS
received-ny.gl.joinmc.link => 127.0.0.1:25565 (minecraft-java)
[2J8[0mplayit (v0.16.3): 1759678167520 tunnel running, 1 tunnels registered


TUNNELS
received-ny.gl.joinmc.link => 127.0.0.1:25565 (minecraft-java)
[2J8[0mplayit (v0.16.3): 1759678170629 tunnel running, 1 tunnels registered


TUNNELS
received-ny.gl.joinmc.link => 127.0.0.1:25565 (minecraft-java)
[2J8[0mplayit (v0.16.3): 1759678173735 tunnel running, 1 tunnels registered


TUNNELS
received-ny.gl.joinmc.link => 127.0.0.1:25565 (minecraft-java)
[2J8[0mplayit (v0.16.3): 1759678176833 tunnel running, 1 tunnels registered


TUNNELS
received-ny.gl.joinmc.link => 127.0.0.1:25565 (minecraft-java)
[2J8[0mplayit (v0.16.3): 1759678179932 tunnel running, 1 tunnels registered


TUNNELS
received-ny.gl.joinmc.link => 127.0.0.1:25565 (minecraft-java)
[2J8[0mplayit (v0.16.3): 1759678183050 tunnel running, 1 tunnels registered


TUNNELS
received-ny.gl.joinmc.link => 127.0.0.1:25565 (minecraft-java)
[2J8[0mplayit (v0.16.3): 1759678186199 tunnel running, 1 tunnels registered


TUNNELS
received-ny.gl.joinmc.link => 127.0.0.1:25565 (minecraft-java)
[2J8[0mplayit (v0.16.3): 1759678189281 tunnel running, 1 tunnels registered


TUNNELS
received-ny.gl.joinmc.link => 127.0.0.1:25565 (minecraft-java)
[2J8[0mplayit (v0.16.3): 1759678192355 tunnel running, 1 tunnels registered


TUNNELS
received-ny.gl.joinmc.link => 127.0.0.1:25565 (minecraft-java)
[2J8[0mplayit (v0.16.3): 1759678195439 tunnel running, 1 tunnels registered


TUNNELS
received-ny.gl.joinmc.link => 127.0.0.1:25565 (minecraft-java)
[2J8[0mplayit (v0.16.3): 1759678198566 tunnel running, 1 tunnels registered


TUNNELS
received-ny.gl.joinmc.link => 127.0.0.1:25565 (minecraft-java)
[2J8[0mplayit (v0.16.3): 1759678201707 tunnel running, 1 tunnels registered


TUNNELS
received-ny.gl.joinmc.link => 127.0.0.1:25565 (minecraft-java)
[2J8[0mplayit (v0.16.3): 1759678204788 tunnel running, 1 tunnels registered


TUNNELS
received-ny.gl.joinmc.link => 127.0.0.1:25565 (minecraft-java)
[2J8[0mplayit (v0.16.3): 1759678208052 tunnel running, 1 tunnels registered


TUNNELS
received-ny.gl.joinmc.link => 127.0.0.1:25565 (minecraft-java)
[2J8[0mplayit (v0.16.3): 1759678211329 tunnel running, 1 tunnels registered


TUNNELS
received-ny.gl.joinmc.link => 127.0.0.1:25565 (minecraft-java)
[2J8[0mplayit (v0.16.3): 1759678214446 tunnel running, 1 tunnels registered


TUNNELS
received-ny.gl.joinmc.link => 127.0.0.1:25565 (minecraft-java)
[2J8[0mplayit (v0.16.3): 1759678217602 tunnel running, 1 tunnels registered


TUNNELS
received-ny.gl.joinmc.link => 127.0.0.1:25565 (minecraft-java)
[2J8[0mplayit (v0.16.3): 1759678220708 tunnel running, 1 tunnels registered


TUNNELS
received-ny.gl.joinmc.link => 127.0.0.1:25565 (minecraft-java)
[2J8[0mplayit (v0.16.3): 1759678223787 tunnel running, 1 tunnels registered


TUNNELS
received-ny.gl.joinmc.link => 127.0.0.1:25565 (minecraft-java)
[2J8[0mplayit (v0.16.3): 1759678226888 tunnel running, 1 tunnels registered


TUNNELS
received-ny.gl.joinmc.link => 127.0.0.1:25565 (minecraft-java)
[2J8[0mplayit (v0.16.3): 1759678229979 tunnel running, 1 tunnels registered


TUNNELS
received-ny.gl.joinmc.link => 127.0.0.1:25565 (minecraft-java)
[2J8[0mplayit (v0.16.3): 1759678233066 tunnel running, 1 tunnels registered


TUNNELS
received-ny.gl.joinmc.link => 127.0.0.1:25565 (minecraft-java)
[2J8[0mplayit (v0.16.3): 1759678236151 tunnel running, 1 tunnels registered


TUNNELS
received-ny.gl.joinmc.link => 127.0.0.1:25565 (minecraft-java)
[2J8[0mplayit (v0.16.3): 1759678239260 tunnel running, 1 tunnels registered


TUNNELS
received-ny.gl.joinmc.link => 127.0.0.1:25565 (minecraft-java)
[2J8[0mplayit (v0.16.3): 1759678242381 tunnel running, 1 tunnels registered


TUNNELS
received-ny.gl.joinmc.link => 127.0.0.1:25565 (minecraft-java)
[2J8[0mplayit (v0.16.3): 1759678245493 tunnel running, 1 tunnels registered


TUNNELS
received-ny.gl.joinmc.link => 127.0.0.1:25565 (minecraft-java)
[2J8[0mplayit (v0.16.3): 1759678248571 tunnel running, 1 tunnels registered


TUNNELS
received-ny.gl.joinmc.link => 127.0.0.1:25565 (minecraft-java)
[2J8[0mplayit (v0.16.3): 1759678251724 tunnel running, 1 tunnels registered


TUNNELS
received-ny.gl.joinmc.link => 127.0.0.1:25565 (minecraft-java)
[2J8[0mplayit (v0.16.3): 1759678254828 tunnel running, 1 tunnels registered


TUNNELS
received-ny.gl.joinmc.link => 127.0.0.1:25565 (minecraft-java)
[2J8[0mplayit (v0.16.3): 1759678257915 tunnel running, 1 tunnels registered


TUNNELS
received-ny.gl.joinmc.link => 127.0.0.1:25565 (minecraft-java)
[2J8[0mplayit (v0.16.3): 1759678261036 tunnel running, 1 tunnels registered


TUNNELS
received-ny.gl.joinmc.link => 127.0.0.1:25565 (minecraft-java)
[2J8[0mGot Error
MSG: Failed to load latest tunnels
Error: ClientError(ParseError(Error("expected value", line: 1, column: 1), 502, "error code: 502"))
[2J8[0mplayit (v0.16.3): 1759678270216 tunnel running, 1 tunnels registered


TUNNELS
received-ny.gl.joinmc.link => 127.0.0.1:25565 (minecraft-java)
[2J8[0mplayit (v0.16.3): 1759678273317 tunnel running, 1 tunnels registered


TUNNELS
received-ny.gl.joinmc.link => 127.0.0.1:25565 (minecraft-java)
[2J8[0mplayit (v0.16.3): 1759678276434 tunnel running, 1 tunnels registered


TUNNELS
received-ny.gl.joinmc.link => 127.0.0.1:25565 (minecraft-java)
[2J8[0mplayit (v0.16.3): 1759678279545 tunnel running, 1 tunnels registered


TUNNELS
received-ny.gl.joinmc.link => 127.0.0.1:25565 (minecraft-java)
[2J8[0mplayit (v0.16.3): 1759678282638 tunnel running, 1 tunnels registered


TUNNELS
received-ny.gl.joinmc.link => 127.0.0.1:25565 (minecraft-java)
[2J8[0mplayit (v0.16.3): 1759678285732 tunnel running, 1 tunnels registered


TUNNELS
received-ny.gl.joinmc.link => 127.0.0.1:25565 (minecraft-java)
[2J8[0mplayit (v0.16.3): 1759678288813 tunnel running, 1 tunnels registered


TUNNELS
received-ny.gl.joinmc.link => 127.0.0.1:25565 (minecraft-java)
[2J8[0mplayit (v0.16.3): 1759678292084 tunnel running, 1 tunnels registered


TUNNELS
received-ny.gl.joinmc.link => 127.0.0.1:25565 (minecraft-java)
[2J8[0mplayit (v0.16.3): 1759678295219 tunnel running, 1 tunnels registered


TUNNELS
received-ny.gl.joinmc.link => 127.0.0.1:25565 (minecraft-java)
[2J8[0mplayit (v0.16.3): 1759678298307 tunnel running, 1 tunnels registered


TUNNELS
received-ny.gl.joinmc.link => 127.0.0.1:25565 (minecraft-java)
[2J8[0mplayit (v0.16.3): 1759678301402 tunnel running, 1 tunnels registered


TUNNELS
received-ny.gl.joinmc.link => 127.0.0.1:25565 (minecraft-java)
[2J8[0mplayit (v0.16.3): 1759678304593 tunnel running, 1 tunnels registered


TUNNELS
received-ny.gl.joinmc.link => 127.0.0.1:25565 (minecraft-java)
[2J8[0mplayit (v0.16.3): 1759678307687 tunnel running, 1 tunnels registered


TUNNELS
received-ny.gl.joinmc.link => 127.0.0.1:25565 (minecraft-java)
[2J8[0mplayit (v0.16.3): 1759678310846 tunnel running, 1 tunnels registered


TUNNELS
received-ny.gl.joinmc.link => 127.0.0.1:25565 (minecraft-java)
[2J8[0mplayit (v0.16.3): 1759678313982 tunnel running, 1 tunnels registered


TUNNELS
received-ny.gl.joinmc.link => 127.0.0.1:25565 (minecraft-java)
[2J8[0mplayit (v0.16.3): 1759678317116 tunnel running, 1 tunnels registered


TUNNELS
received-ny.gl.joinmc.link => 127.0.0.1:25565 (minecraft-java)
[2J8[0mplayit (v0.16.3): 1759678320234 tunnel running, 1 tunnels registered


TUNNELS
received-ny.gl.joinmc.link => 127.0.0.1:25565 (minecraft-java)
[2J8[0mplayit (v0.16.3): 1759678323328 tunnel running, 1 tunnels registered


TUNNELS
received-ny.gl.joinmc.link => 127.0.0.1:25565 (minecraft-java)
[2J8[0mplayit (v0.16.3): 1759678326425 tunnel running, 1 tunnels registered


TUNNELS
received-ny.gl.joinmc.link => 127.0.0.1:25565 (minecraft-java)
[2J8[0mplayit (v0.16.3): 1759678329554 tunnel running, 1 tunnels registered


TUNNELS
received-ny.gl.joinmc.link => 127.0.0.1:25565 (minecraft-java)
[2J8[0mplayit (v0.16.3): 1759678332644 tunnel running, 1 tunnels registered


TUNNELS
received-ny.gl.joinmc.link => 127.0.0.1:25565 (minecraft-java)
[2J8[0mplayit (v0.16.3): 1759678335733 tunnel running, 1 tunnels registered


TUNNELS
received-ny.gl.joinmc.link => 127.0.0.1:25565 (minecraft-java)
[2J8[0mplayit (v0.16.3): 1759678338821 tunnel running, 1 tunnels registered


TUNNELS
received-ny.gl.joinmc.link => 127.0.0.1:25565 (minecraft-java)
[2J8[0mplayit (v0.16.3): 1759678342023 tunnel running, 1 tunnels registered


TUNNELS
received-ny.gl.joinmc.link => 127.0.0.1:25565 (minecraft-java)
[2J8[0mplayit (v0.16.3): 1759678345111 tunnel running, 1 tunnels registered


TUNNELS
received-ny.gl.joinmc.link => 127.0.0.1:25565 (minecraft-java)
[2J8[0mplayit (v0.16.3): 1759678348211 tunnel running, 1 tunnels registered


TUNNELS
received-ny.gl.joinmc.link => 127.0.0.1:25565 (minecraft-java)
