Unsupported Java detected (65.0). Only up to Java 16 is supported.
System Info: Java 21 (OpenJDK 64-Bit Server VM 21.0.8+9-LTS) Host: Linux 6.11.0-1018-azure (amd64)
Loading libraries, please wait...
2025-10-14 01:00:21,949 main WARN Advanced terminal features are not available in this environment
[01:00:26 INFO]: Environment: authHost='https://authserver.mojang.com', accountsHost='https://api.mojang.com', sessionHost='https://sessionserver.mojang.com', servicesHost='https://api.minecraftservices.com', name='PROD'
[01:00:27 INFO]: Reloading ResourceManager: Default, bukkit
[01:00:27 INFO]: Loaded 7 recipes
[01:00:28 INFO]: Starting minecraft server version 1.16.5
[01:00:28 INFO]: Loading properties
[01:00:28 INFO]: This server is running Paper version git-Paper-794 (MC: 1.16.5) (Implementing API version 1.16.5-R0.1-SNAPSHOT)
[01:00:30 INFO]: Debug logging is disabled
[01:00:30 INFO]: Server Ping Player Sample Count: 12
[01:00:30 INFO]: Using 4 threads for Netty based IO
[01:00:30 INFO]: Default game type: SURVIVAL
[01:00:30 INFO]: Generating keypair
[01:00:31 INFO]: Starting Minecraft server on *:25565
[01:00:31 INFO]: Using epoll channel type
[01:00:32 INFO]: [AuthMe] Loading AuthMe v5.6.0-bCUSTOM
[01:00:32 INFO]: [OnePlayerSleep] Loading OnePlayerSleep v3.1.16
[01:00:32 INFO]: [ViaVersion] Loading ViaVersion v5.5.1
[01:00:32 INFO]: [ViaVersion] ViaVersion 5.5.1 is now loaded. Registering protocol transformers and injecting...
[01:00:32 INFO]: [ViaVersion] Loading block connection mappings ...
[01:00:32 INFO]: [ViaVersion] Using FastUtil Long2ObjectOpenHashMap for block connections
[01:00:32 INFO]: [ViaBackwards] Loading translations...
[01:00:32 INFO]: [ViaBackwards] Registering protocols...
[01:00:33 INFO]: [ViaRewind] Registering protocols...
[01:00:33 INFO]: [OpenInv] Loading OpenInv v4.1.8
[01:00:33 INFO]: [floodgate] Loading floodgate v2.2.5-SNAPSHOT (b120-0a8cba0)
[01:00:33 WARN]: [floodgate] en_ is not a supported Floodgate language.
[01:00:33 INFO]: [floodgate] Took 718ms to boot Floodgate
[01:00:33 INFO]: [ViaBackwards] Loading ViaBackwards v5.5.0
[01:00:33 INFO]: [ViaRewind] Loading ViaRewind v4.0.10
[01:00:33 INFO]: [TAB] Loading TAB v5.2.5
[01:00:33 INFO]: [SkinsRestorer] Loading SkinsRestorer v15.8.2
[01:00:33 INFO]: [Geyser-Spigot] Loading Geyser-Spigot v2.8.4-SNAPSHOT
[01:00:34 INFO]: [Geyser-Spigot] Loading extensions...
[01:00:34 INFO]: [Geyser-Spigot] Loaded 0 extension(s)
[01:00:34 INFO]: Server permissions file permissions.yml is empty, ignoring it
[01:00:34 INFO]: [ViaRewind] Enabling ViaRewind v4.0.10
[01:00:34 INFO]: [SkinsRestorer] Enabling SkinsRestorer v15.8.2
[01:00:34 INFO]: [33;1m[[32;22mSkinsRestorer[33;1m] [0;39m[32;1mRunning on Minecraft [33;1m1.16.5[32;1m.[0;39m
[01:00:34 INFO]: [33;1m[[32;22mSkinsRestorer[33;1m] [0;39mFloodgate skin listener registered[0;39m
[01:00:35 INFO]: [33;1m[[32;22mSkinsRestorer[33;1m] [0;39mUsing paper join listener![0;39m
[01:00:35 WARN]: **** SERVER IS RUNNING IN OFFLINE/INSECURE MODE!
[01:00:35 WARN]: The server will make no attempt to authenticate usernames. Beware.
[01:00:35 WARN]: While this makes the game possible to play without internet access, it also opens up the ability for hackers to connect with any username they choose.
[01:00:35 WARN]: To change this, set "online-mode" to "true" in the server.properties file.
[01:00:35 INFO]: Preparing level "world"
[01:00:35 INFO]: Preparing start region for dimension minecraft:overworld
[01:00:36 INFO]: Preparing spawn area: 0%
[01:00:36 INFO]: Preparing spawn area: 0%
[01:00:36 INFO]: Time elapsed: 625 ms
[01:00:36 INFO]: Preparing start region for dimension minecraft:the_nether
[01:00:36 INFO]: Preparing spawn area: 0%
[01:00:36 INFO]: Preparing spawn area: 0%
[01:00:37 INFO]: Preparing spawn area: 100%
[01:00:37 INFO]: Time elapsed: 1398 ms
[01:00:37 INFO]: Preparing start region for dimension minecraft:the_end
[01:00:38 INFO]: Preparing spawn area: 0%
[01:00:38 INFO]: Preparing spawn area: 33%
[01:00:38 INFO]: Time elapsed: 645 ms
[01:00:38 INFO]: [AuthMe] Enabling AuthMe v5.6.0-bCUSTOM
[01:00:38 INFO]: [AuthMe] SQLite Setup finished
[01:00:38 INFO]: [AuthMe] No supported permissions system found! Permissions are disabled!
[01:00:38 WARN]: [AuthMe] WARNING! The protectInventory feature requires ProtocolLib! Disabling it...
[01:00:39 INFO]: [AuthMe] AuthMe 5.6.0 build n.CUSTOM successfully enabled!
[01:00:39 INFO]: [OnePlayerSleep] Enabling OnePlayerSleep v3.1.16
[01:00:39 INFO]: [ViaVersion] Enabling ViaVersion v5.5.1
[01:00:39 INFO]: [ViaVersion] ViaVersion detected server version: 1.16.4-1.16.5 (754)
[01:00:39 INFO]: [OpenInv] Enabling OpenInv v4.1.8
[01:00:39 INFO]: [floodgate] Enabling floodgate v2.2.5-SNAPSHOT (b120-0a8cba0)
[01:00:39 INFO]: [ViaBackwards] Enabling ViaBackwards v5.5.0
[01:00:39 INFO]: [TAB] Enabling TAB v5.2.5
[01:00:39 INFO]: [TAB] Enabled in 171ms
[01:00:39 INFO]: [Geyser-Spigot] Enabling Geyser-Spigot v2.8.4-SNAPSHOT
[01:00:40 INFO]: [Geyser-Spigot] ******************************************
[01:00:40 INFO]: [Geyser-Spigot] 
[01:00:40 INFO]: [Geyser-Spigot] Loading Geyser version 2.8.4-b947 (git-master-82fb2e4)
[01:00:40 INFO]: [Geyser-Spigot] 
[01:00:40 INFO]: [Geyser-Spigot] ******************************************
[01:00:42 INFO]: [Geyser-Spigot] Started Geyser on UDP port 19132
[01:00:42 INFO]: [Geyser-Spigot] Done (2.403s)! Run /geyser help for help!
[01:00:43 INFO]: Starting remote control listener
[01:00:43 WARN]: No rcon password set in server.properties, rcon disabled!
[01:00:43 INFO]: Running delayed init tasks
[01:00:43 INFO]: [AuthMe] Downloading GEO IP database, because the old database is older than 30 days or doesn't exist
[01:00:43 WARN]: [AuthMe] No MaxMind credentials found in the configuration file! GeoIp protections will be disabled.
[01:00:43 INFO]: [AuthMe] There is no newer GEO IP database uploaded to MaxMind. Using the old one for now.
[01:00:43 WARN]: [AuthMe] Could not download GeoLiteAPI database [FileNotFoundException]: plugins/AuthMe/GeoLite2-Country.mmdb (No such file or directory)
[01:00:43 INFO]: [ViaVersion] Finished mapping loading, shutting down loader executor.
[01:00:43 INFO]: Done (14.552s)! For help, type "help"
[01:00:43 INFO]: Timings Reset
[01:00:43 INFO]: [33;1m[[32;22mSkinsRestorer[33;1m] [0;39m[32;1m----------------------------------------------[0;39m
[01:00:43 INFO]: [33;1m[[32;22mSkinsRestorer[33;1m] [0;39m[32;1m    +==================+[0;39m
[01:00:43 INFO]: [33;1m[[32;22mSkinsRestorer[33;1m] [0;39m[32;1m    |   SkinsRestorer  |[0;39m
[01:00:43 INFO]: [33;1m[[32;22mSkinsRestorer[33;1m] [0;39m[32;1m    |------------------|[0;39m
[01:00:43 INFO]: [33;1m[[32;22mSkinsRestorer[33;1m] [0;39m[32;1m    |  [34;1m[4m[21mStandalone Mode[0;39m[32;1m |[0;39m
[01:00:43 INFO]: [33;1m[[32;22mSkinsRestorer[33;1m] [0;39m[32;1m    +==================+[0;39m
[01:00:43 INFO]: [33;1m[[32;22mSkinsRestorer[33;1m] [0;39m[32;1m----------------------------------------------[0;39m
[01:00:43 INFO]: [33;1m[[32;22mSkinsRestorer[33;1m] [0;39m[36;1m    Version: [32;1m15.8.2[0;39m
[01:00:43 INFO]: [33;1m[[32;22mSkinsRestorer[33;1m] [0;39m[36;1m    Commit: [32;1mcf773a3[0;39m
[01:00:43 INFO]: [33;1m[[32;22mSkinsRestorer[33;1m] [0;39m[32;1m    This is the latest version![0;39m
[01:00:43 INFO]: [33;1m[[32;22mSkinsRestorer[33;1m] [0;39m[32;1m----------------------------------------------[0;39m
[01:00:43 INFO]: [33;1m[[32;22mSkinsRestorer[33;1m] [0;39m[34;1mDo you have issues? Read our troubleshooting guide: [33;1mhttps://skinsrestorer.net/docs/troubleshooting[0;39m
[01:00:43 INFO]: [33;1m[[32;22mSkinsRestorer[33;1m] [0;39m[34;1mWant to support SkinsRestorer? Consider donating: [33;1mhttps://skinsrestorer.net/donate[0;39m
[06:45:47 INFO]: Stopping server
[06:45:47 INFO]: [TAB] Disabled in 1ms
[06:45:47 INFO]: Saving players
[06:45:47 INFO]: Saving worlds
[06:45:47 INFO]: Saving chunks for level 'ServerLevel[world]'/minecraft:overworld
[06:45:47 INFO]: ThreadedAnvilChunkStorage (world): All chunks are saved
[06:45:47 INFO]: Saving chunks for level 'ServerLevel[world_nether]'/minecraft:the_nether
[06:45:47 INFO]: ThreadedAnvilChunkStorage (DIM-1): All chunks are saved
[06:45:47 INFO]: Saving chunks for level 'ServerLevel[world_the_end]'/minecraft:the_end
[06:45:47 INFO]: ThreadedAnvilChunkStorage (DIM1): All chunks are saved
[06:45:47 INFO]: ThreadedAnvilChunkStorage (world): All chunks are saved
[06:45:47 INFO]: ThreadedAnvilChunkStorage (DIM-1): All chunks are saved
[06:45:47 INFO]: ThreadedAnvilChunkStorage (DIM1): All chunks are saved
[06:45:47 INFO]: Flushing Chunk IO
[06:45:47 INFO]: Closing Thread Pool
[06:45:47 INFO]: Closing Server
