[00:56:52] [main/INFO] [com.velocitypowered.proxy.VelocityServer]: Booting up Velocity 3.4.0-SNAPSHOT (git-b6b6b20f-b555)...
[00:56:52] [main/INFO] [com.velocitypowered.proxy.VelocityServer]: Loading localizations...
[00:56:53] [main/INFO] [com.velocitypowered.proxy.network.ConnectionManager]: Connections will use epoll channels, libdeflate (Linux x86_64) compression, OpenSSL 3.x.x (Linux x86_64) ciphers
[00:56:53] [main/WARN] [com.velocitypowered.proxy.config.VelocityConfiguration]: The proxy is running in offline mode! This is a security risk and you will NOT receive any support!
[00:56:53] [main/WARN] [com.velocitypowered.proxy.config.VelocityConfiguration]: Player info forwarding is disabled! All players will appear to be connecting from the proxy and will have offline-mode UUIDs.
[00:56:53] [main/INFO] [com.velocitypowered.proxy.VelocityServer]: Loading plugins...
[00:56:53] [main/INFO] [eaglerxserver]: Loading EaglercraftXServer 1.0.7...
[00:56:53] [main/INFO] [eaglerxserver]: (Platform: Velocity)
[00:56:53] [main/INFO] [eaglerxserver]: Server Name: "EaglercraftXServer"
[00:56:53] [main/INFO] [com.velocitypowered.proxy.plugin.VelocityPluginManager]: Loaded plugin eaglerxserver 1.0.7 by lax1dude
[00:56:53] [main/INFO] [com.velocitypowered.proxy.plugin.VelocityPluginManager]: Loaded plugin eaglermotd-reborn 1.0.0 by lax1dude
[00:56:53] [main/INFO] [com.velocitypowered.proxy.plugin.VelocityPluginManager]: Loaded plugin eaglerweb 1.0.0 by lax1dude
[00:56:53] [main/INFO] [com.velocitypowered.proxy.plugin.VelocityPluginManager]: Loaded plugin eaglerxrewind-1-5 1.0.2 by lax1dude, ayunami2000
[00:56:53] [main/INFO] [com.velocitypowered.proxy.VelocityServer]: Loaded 5 plugins
[00:56:53] [EaglercraftXServer - Task Executor #0/WARN] [com.velocitypowered.proxy.network.ConnectionManager]: The server channel initializer has been replaced by java.base/jdk.internal.reflect.DirectMethodHandleAccessor.invoke(DirectMethodHandleAccessor.java:103)
[00:56:53] [EaglercraftXServer - Task Executor #0/INFO] [eaglerxserver]: Enabling EaglercraftXServer 1.0.7...
[00:56:53] [EaglercraftXServer - Task Executor #0/INFO] [eaglerxserver]: Connecting to skin cache database "jdbc:sqlite:eagler_skins_cache.db"...
[00:56:53] [EaglercraftXServer - Task Executor #0/INFO] [eaglerxserver]: Connected to skin cache database successfully!
[00:56:53] [EaglercraftXServer - Task Executor #0/INFO] [eaglermotd-reborn]: Loaded 1 messages for listener0
[00:56:53] [EaglercraftXServer - Task Executor #0/INFO] [eaglermotd-reborn]: Loaded 6 query types
[00:56:53] [EaglercraftXServer - Task Executor #0/INFO] [eaglerweb]: Loading config files...
[00:56:53] [EaglercraftXServer - Task Executor #0/INFO] [eaglerweb]: Indexing pages, please wait...
[00:56:53] [EaglercraftXServer - Task Executor #0/INFO] [eaglerweb]: Indexed 1 pages total!
[00:56:53] [EaglercraftXServer - Task Executor #0/INFO] [eaglerxrewind-1-5]: EaglerXRewind protocol for Eaglercraft 1.5.2 has been registered
[00:56:53] [EaglercraftXServer - Task Executor #0/INFO] [eaglerxserver]: EaglerXServer is attempting to clone listener for: /0.0.0.0:8081
[00:56:53] [Netty epoll Boss #1/INFO] [com.velocitypowered.proxy.network.ConnectionManager]: Listening on /[0:0:0:0:0:0:0:0]:25577
[00:56:53] [Netty epoll Boss #0/INFO] [eaglerxserver]: Listener "listener0" injected into channel [id: 0x3a4d31b3, L:/[0:0:0:0:0:0:0:0]:8081] successfully (Velocity method)
[00:56:53] [Netty epoll Boss #0/INFO] [com.velocitypowered.proxy.network.ConnectionManager]: Listening on /[0:0:0:0:0:0:0:0]:8081
[00:56:53] [main/INFO] [com.velocitypowered.proxy.Velocity]: Done (1.32s)!
[00:56:54] [Netty epoll Worker #0/INFO] [eaglerxserver]: You are running the latest version of EaglerXServer
[02:58:43] [Shutdown thread/INFO] [com.velocitypowered.proxy.VelocityServer]: Shutting down the proxy...
[02:58:43] [Shutdown thread/INFO] [com.velocitypowered.proxy.network.ConnectionManager]: Closing endpoint /0.0.0.0:25577
[02:58:43] [Shutdown thread/INFO] [com.velocitypowered.proxy.network.ConnectionManager]: Closing endpoint /0.0.0.0:8081
[02:58:43] [EaglercraftXServer - Task Executor #5/INFO] [eaglerxserver]: Disabling EaglercraftXServer 1.0.7...
[02:58:43] [EaglercraftXServer - Task Executor #5/INFO] [eaglerxserver]: Disconnecting from skin cache database "jdbc:sqlite:eagler_skins_cache.db"...
[02:58:43] [EaglercraftXServer - Task Executor #5/INFO] [eaglerxserver]: Disconnected from skin cache database successfully!
[02:58:43] [EaglercraftXServer - Task Executor #5/INFO] [eaglerweb]: Shutting down, please wait...
[02:58:43] [EaglercraftXServer - Task Executor #5/INFO] [eaglerxrewind-1-5]: EaglerXRewind protocol for Eaglercraft 1.5.2 has been unregistered
